# serializer version: 1
# name: test_sensors_snapshot[sensor.ayuntamiento_101_10_manuel_de_falla_minutos]
  <state sensor.ayuntamiento_101_10_manuel_de_falla_minutos=3; linea=10, destino=Manuel de Falla, color=#0FDCFC, color_texto=#000000, siguientes=[16], tiempo_real=True, retraso_s=109, parada_id=101, parada=Ayuntamiento, linea_id=10, nombre_linea=El Arco – Hospital San Pedro, sentido=desc, llegadas=[{'hora': '2026-10-03T18:04:07+02:00', 'tiempo_real': True}, {'hora': '2026-10-03T18:17:29+02:00', 'tiempo_real': True}], servicio=en_servicio, primera_salida=08:00, ultima_salida=23:00, proxima_salida=18:00, frecuencia_min=30, frecuencia_max_min=30, salidas_desde=Artesanos, unit_of_measurement=min, device_class=duration, friendly_name=Ayuntamiento (101) 10 → Manuel de Falla minutos @ 2026-10-03T09:00:45-07:00>
# ---
# name: test_sensors_snapshot[sensor.ayuntamiento_101_10_manuel_de_falla_proxima_llegada]
  <state sensor.ayuntamiento_101_10_manuel_de_falla_proxima_llegada=2026-10-03T16:04:07+00:00; linea=10, destino=Manuel de Falla, color=#0FDCFC, color_texto=#000000, siguientes=[16], tiempo_real=True, retraso_s=109, parada_id=101, parada=Ayuntamiento, linea_id=10, nombre_linea=El Arco – Hospital San Pedro, sentido=desc, llegadas=[{'hora': '2026-10-03T18:04:07+02:00', 'tiempo_real': True}, {'hora': '2026-10-03T18:17:29+02:00', 'tiempo_real': True}], servicio=en_servicio, primera_salida=08:00, ultima_salida=23:00, proxima_salida=18:00, frecuencia_min=30, frecuencia_max_min=30, salidas_desde=Artesanos, device_class=timestamp, friendly_name=Ayuntamiento (101) 10 → Manuel de Falla próxima llegada @ 2026-10-03T09:00:45-07:00>
# ---
# name: test_sensors_snapshot[sensor.ayuntamiento_101_2_manresa_minutos]
  <state sensor.ayuntamiento_101_2_manresa_minutos=1; linea=2, destino=Manresa, color=#FFFF00, color_texto=#000000, siguientes=[7], tiempo_real=True, retraso_s=832, parada_id=101, parada=Ayuntamiento, linea_id=2, nombre_linea=Yagüe – Varea, sentido=desc, llegadas=[{'hora': '2026-10-03T18:02:28+02:00', 'tiempo_real': True}, {'hora': '2026-10-03T18:08:02+02:00', 'tiempo_real': True}], servicio=en_servicio, primera_salida=09:00, ultima_salida=22:30, proxima_salida=18:00, frecuencia_min=30, frecuencia_max_min=30, salidas_desde=Artesanos, unit_of_measurement=min, device_class=duration, friendly_name=Ayuntamiento (101) 2 → Manresa minutos @ 2026-10-03T09:00:45-07:00>
# ---
# name: test_sensors_snapshot[sensor.ayuntamiento_101_2_manresa_proxima_llegada]
  <state sensor.ayuntamiento_101_2_manresa_proxima_llegada=2026-10-03T16:02:28+00:00; linea=2, destino=Manresa, color=#FFFF00, color_texto=#000000, siguientes=[7], tiempo_real=True, retraso_s=832, parada_id=101, parada=Ayuntamiento, linea_id=2, nombre_linea=Yagüe – Varea, sentido=desc, llegadas=[{'hora': '2026-10-03T18:02:28+02:00', 'tiempo_real': True}, {'hora': '2026-10-03T18:08:02+02:00', 'tiempo_real': True}], servicio=en_servicio, primera_salida=09:00, ultima_salida=22:30, proxima_salida=18:00, frecuencia_min=30, frecuencia_max_min=30, salidas_desde=Artesanos, device_class=timestamp, friendly_name=Ayuntamiento (101) 2 → Manresa próxima llegada @ 2026-10-03T09:00:45-07:00>
# ---
