# serializer version: 1
# name: test_diagnostics
  dict({
    'catalog': dict({
      'fetched_at': '2026-10-03T16:00:45+00:00',
      'lines': 8,
      'stops': 12,
    }),
    'library_version': '0.1.0',
    'options': dict({
    }),
    'reason': None,
    'state': 'loaded',
    'stops': dict({
      'Ayuntamiento (101)': dict({
        'arrivals': dict({
          'arrivals': list([
            dict({
              'aimed': '2026-10-03T17:48:36+02:00',
              'cancelled': False,
              'delay_s': 832,
              'direction': 'desc',
              'expected': '2026-10-03T18:02:28+02:00',
              'headsign': 'Manresa',
              'is_approximate': True,
              'is_realtime': True,
              'line_id': '2',
              'minutes': 1,
              'pattern_id': '2:desc',
              'stop_id': '101',
              'terminates': False,
              'vehicle_id': '55',
            }),
            dict({
              'aimed': '2026-10-03T18:02:18+02:00',
              'cancelled': False,
              'delay_s': 109,
              'direction': 'desc',
              'expected': '2026-10-03T18:04:07+02:00',
              'headsign': 'Manuel de Falla',
              'is_approximate': True,
              'is_realtime': True,
              'line_id': '10',
              'minutes': 3,
              'pattern_id': '10:desc',
              'stop_id': '101',
              'terminates': False,
              'vehicle_id': '15',
            }),
            dict({
              'aimed': '2026-10-03T18:06:44+02:00',
              'cancelled': False,
              'delay_s': 21,
              'direction': 'asc',
              'expected': '2026-10-03T18:07:05+02:00',
              'headsign': 'Dinamarca',
              'is_approximate': True,
              'is_realtime': True,
              'line_id': '5',
              'minutes': 6,
              'pattern_id': '5:asc',
              'stop_id': '101',
              'terminates': False,
              'vehicle_id': '63',
            }),
            dict({
              'aimed': '2026-10-03T18:03:36+02:00',
              'cancelled': False,
              'delay_s': 266,
              'direction': 'desc',
              'expected': '2026-10-03T18:08:02+02:00',
              'headsign': 'Manresa',
              'is_approximate': True,
              'is_realtime': True,
              'line_id': '2',
              'minutes': 7,
              'pattern_id': '2:desc',
              'stop_id': '101',
              'terminates': False,
              'vehicle_id': '88',
            }),
            dict({
              'aimed': '2026-10-03T18:17:18+02:00',
              'cancelled': False,
              'delay_s': 11,
              'direction': 'desc',
              'expected': '2026-10-03T18:17:29+02:00',
              'headsign': 'Manuel de Falla',
              'is_approximate': True,
              'is_realtime': True,
              'line_id': '10',
              'minutes': 16,
              'pattern_id': '10:desc',
              'stop_id': '101',
              'terminates': False,
              'vehicle_id': '80',
            }),
          ]),
          'generated_at': '2026-10-03T16:00:45+00:00',
          'stop_id': '101',
        }),
        'last_exception': None,
        'last_update_success': True,
        'subentry': dict({
          'patterns': list([
            '2:desc',
            '10:desc',
          ]),
          'stop_id': '101',
        }),
      }),
    }),
  })
# ---
